
Recovery Manager: Release 23.0.0.0.0 - Production on Mon Mar 30 19:39:41 2026
Version 23.8.0.25.04

Copyright (c) 1982, 2025, Oracle and/or its affiliates.  All rights reserved.

connected to target database: FREE (DBID=1471336774)

RMAN> SHUTDOWN IMMEDIATE;
2> STARTUP MOUNT;
3> BACKUP DEVICE TYPE DISK
4>   FORMAT '/opt/oracle/recovery_data/Full_Backup/%U'
5>   TAG 'FULL_DB_%T'
6>   DATABASE;
7> BACKUP DEVICE TYPE DISK
8>   FORMAT '/opt/oracle/recovery_data/Full_Backup/%U'
9>   TAG 'ARCH_FULL_%T'
10>   ARCHIVELOG ALL NOT BACKED UP;
11> ALTER DATABASE OPEN;
12> ALTER PLUGGABLE DATABASE ALL OPEN;
13> 
using target database control file instead of recovery catalog
database closed
database dismounted
Oracle instance shut down

connected to target database (not started)
Oracle instance started
database mounted

Total System Global Area    1603287928 bytes

Fixed Size                     4922232 bytes
Variable Size                419430400 bytes
Database Buffers            1174405120 bytes
Redo Buffers                   4530176 bytes

Starting backup at 30-MAR-26
allocated channel: ORA_DISK_1
channel ORA_DISK_1: SID=31 device type=DISK
channel ORA_DISK_1: starting full datafile backup set
channel ORA_DISK_1: specifying datafile(s) in backup set
input datafile file number=00001 name=/opt/oracle/oradata/FREE/system01.dbf
input datafile file number=00003 name=/opt/oracle/oradata/FREE/sysaux01.dbf
input datafile file number=00011 name=/opt/oracle/oradata/FREE/undotbs01.dbf
input datafile file number=00007 name=/opt/oracle/oradata/FREE/users01.dbf
channel ORA_DISK_1: starting piece 1 at 30-MAR-26
channel ORA_DISK_1: finished piece 1 at 30-MAR-26
piece handle=/opt/oracle/recovery_data/Full_Backup/0r4kao86_27_1_1 tag=FULL_DB_%T comment=NONE
channel ORA_DISK_1: backup set complete, elapsed time: 00:00:35
channel ORA_DISK_1: starting full datafile backup set
channel ORA_DISK_1: specifying datafile(s) in backup set
input datafile file number=00013 name=/opt/oracle/oradata/FREE/FREEPDB1/sysaux01.dbf
input datafile file number=00012 name=/opt/oracle/oradata/FREE/FREEPDB1/system01.dbf
input datafile file number=00014 name=/opt/oracle/oradata/FREE/FREEPDB1/undotbs01.dbf
input datafile file number=00015 name=/opt/oracle/oradata/FREE/FREEPDB1/users01.dbf
channel ORA_DISK_1: starting piece 1 at 30-MAR-26
channel ORA_DISK_1: finished piece 1 at 30-MAR-26
piece handle=/opt/oracle/recovery_data/Full_Backup/0s4kao99_28_1_1 tag=FULL_DB_%T comment=NONE
channel ORA_DISK_1: backup set complete, elapsed time: 00:00:15
channel ORA_DISK_1: starting full datafile backup set
channel ORA_DISK_1: specifying datafile(s) in backup set
input datafile file number=00004 name=/opt/oracle/oradata/FREE/pdbseed/sysaux01.dbf
input datafile file number=00002 name=/opt/oracle/oradata/FREE/pdbseed/system01.dbf
input datafile file number=00009 name=/opt/oracle/oradata/FREE/pdbseed/undotbs01.dbf
channel ORA_DISK_1: starting piece 1 at 30-MAR-26
channel ORA_DISK_1: finished piece 1 at 30-MAR-26
piece handle=/opt/oracle/recovery_data/Full_Backup/0t4kao9o_29_1_1 tag=FULL_DB_%T comment=NONE
channel ORA_DISK_1: backup set complete, elapsed time: 00:00:16
Finished backup at 30-MAR-26

Starting Control File and SPFILE Autobackup at 30-MAR-26
piece handle=/opt/oracle/product/23ai/dbhomeFree/dbs/c-1471336774-20260330-00 comment=NONE
Finished Control File and SPFILE Autobackup at 30-MAR-26

Starting backup at 30-MAR-26
using channel ORA_DISK_1
skipping archived log of thread 1 with sequence 1; already backed up
Finished backup at 30-MAR-26

Statement processed

Statement processed

Recovery Manager complete.
